
T15270A.hs:8:7: error:
    • Illegal data constructor name: ‘id’
      When splicing a TH expression: GHC.Base.id
    • In the untyped splice: $(conE 'id)
