
AssocTyDef06.hs:6:10:
    Too many parameters to ‛Typ’:
      Int is unexpected;
      expected only 1 parameter
    In the type instance declaration for ‛Typ’
    In the class declaration for ‛Cls’
