
tcfail090.hs:11:9: error:
    Couldn't match a lifted type with an unlifted type
    In the expression: my_undefined
    In an equation for ‘die’: die _ = my_undefined
