
tcfail050.hs:3:7: error:
    Data constructor not in scope: B :: t0 -> t1
