
tcfail013.hs:4:3:
    Couldn't match expected type ‘[r]’ with actual type ‘Bool’
    Relevant bindings include f :: [r] -> a (bound at tcfail013.hs:3:1)
    In the pattern: True
    In an equation for ‘f’: f True = 2
