
tcfail174.hs:14:14: error:
    Couldn't match type ‘a0’ with ‘a’
      because type variable ‘a’ would escape its scope
    This (rigid, skolem) type variable is bound by
      the type forall a1. a1 -> a1
      at tcfail174.hs:14:1-14
    Expected type: Capture (forall x. x -> a0)
      Actual type: Capture (forall a. a -> a)
    Relevant bindings include
      h1 :: Capture a0 (bound at tcfail174.hs:14:1)
    In the first argument of ‘Capture’, namely ‘g’
    In the expression: Capture g
    In an equation for ‘h1’: h1 = Capture g

tcfail174.hs:17:14: error:
    Couldn't match type ‘a’ with ‘b’
    ‘a’ is a rigid type variable bound by
        the type forall a1. a1 -> a1 at tcfail174.hs:1:1
    ‘b’ is a rigid type variable bound by
        the type signature for: h2 :: Capture b at tcfail174.hs:16:7
    Expected type: Capture (forall x. x -> b)
      Actual type: Capture (forall a. a -> a)
    Relevant bindings include
      h2 :: Capture b (bound at tcfail174.hs:17:1)
    In the first argument of ‘Capture’, namely ‘g’
    In the expression: Capture g
    In an equation for ‘h2’: h2 = Capture g
