nub :: Eq a0 => [a0] -> [a0]
L.nub :: Eq a0 => [a0] -> [a0]
L.nub :: Eq a0 => [a0] -> [a0]
