lookup :: Eq a0 => a0 -> [(a0, b0)] -> Maybe b0
undefined :: (forall a. a -> a) -> a :: (forall a. a -> a) -> a0
lookup ∷ Eq a0 ⇒ a0 → [(a0, b0)] → Maybe b0
undefined :: (forall a. a -> a) -> a ∷ (∀ a. a → a) → a0
lookup :: Eq a0 => a0 -> [(a0, b0)] -> Maybe b0
undefined :: (forall a. a -> a) -> a :: (forall a. a -> a) -> a0
