
==================== Tidy Core ====================
Result size of Tidy Core = {terms: 38, types: 48, coercions: 1}

-- RHS size: {terms: 4, types: 13, coercions: 1}
T2431.$WRefl [InlPrag=INLINE] :: forall a b. (b ~# a) => a :~: b
[GblId[DataConWrapper],
 Arity=1,
 Caf=NoCafRefs,
 Str=DmdType m,
 Unf=Unf{Src=InlineStable, TopLvl=True, Value=True, ConLike=True,
         WorkFree=True, Expandable=True,
         Guidance=ALWAYS_IF(arity=1,unsat_ok=False,boring_ok=True)
         Tmpl= \ (@ a) (@ b) (dt :: b ~# a) ->
                 T2431.Refl @ a @ b @~ (dt :: b ~# a)}]
T2431.$WRefl =
  \ (@ a) (@ b) (dt :: b ~# a) ->
    T2431.Refl @ a @ b @~ (dt :: b ~# a)

-- RHS size: {terms: 2, types: 0, coercions: 0}
a :: TrName
[GblId, Caf=NoCafRefs, Str=DmdType]
a = TrNameS "main"#

-- RHS size: {terms: 2, types: 0, coercions: 0}
a1 :: TrName
[GblId, Caf=NoCafRefs, Str=DmdType]
a1 = TrNameS "T2431"#

-- RHS size: {terms: 3, types: 0, coercions: 0}
T2431.$trModule :: Module
[GblId[ReflectionId], Caf=NoCafRefs, Str=DmdType]
T2431.$trModule = Module a a1

-- RHS size: {terms: 2, types: 0, coercions: 0}
a2 :: TrName
[GblId, Caf=NoCafRefs, Str=DmdType]
a2 = TrNameS "'Refl"#

-- RHS size: {terms: 5, types: 0, coercions: 0}
T2431.$tc'Refl :: TyCon
[GblId[ReflectionId], Caf=NoCafRefs, Str=DmdType]
T2431.$tc'Refl = TyCon 0## 0## T2431.$trModule a2

-- RHS size: {terms: 2, types: 0, coercions: 0}
a3 :: TrName
[GblId, Caf=NoCafRefs, Str=DmdType]
a3 = TrNameS ":~:"#

-- RHS size: {terms: 5, types: 0, coercions: 0}
T2431.$tc:~: :: TyCon
[GblId[ReflectionId], Caf=NoCafRefs, Str=DmdType]
T2431.$tc:~: = TyCon 0## 0## T2431.$trModule a3

-- RHS size: {terms: 4, types: 8, coercions: 0}
absurd :: forall a. Int :~: Bool -> a
[GblId, Arity=1, Caf=NoCafRefs, Str=DmdType <L,U>b]
absurd = \ (@ a4) (x :: Int :~: Bool) -> case x of _ [Occ=Dead] { }



