
==================== Cpr signatures ====================
CaseBinderCPR.$trModule: #c1(#c1(#), #c1(#))
CaseBinderCPR.f_list_cmp: *c1(*)


