exists Nothing :: Floop a0 mp0 => Existential mp0
