
SimpleFail1b.hs:4:1:
    Too many parameters to ‘T1’:
      Char is unexpected;
      expected only 2 parameters
    In the data instance declaration for ‘T1’
