
SimpleFail16.hs:10:12:
    Couldn't match expected type ‘_p _a’ with actual type ‘F ()’
    The type variables ‘_p’, ‘_a’ are ambiguous
    Relevant bindings include
      bar :: _p _a (bound at SimpleFail16.hs:10:1)
    In the first argument of ‘foo’, namely ‘(undefined :: F ())’
    In the expression: foo (undefined :: F ())
    In an equation for ‘bar’: bar = foo (undefined :: F ())
