
T7354a.hs:5:13:
    Couldn't match expected type ‘Base _r _r’ with actual type ‘()’
    Relevant bindings include foo :: _r (bound at T7354a.hs:5:1)
    In the first argument of ‘embed’, namely ‘()’
    In the expression: embed ()
