
<interactive>:5:1:
    No instance for (Show (t1 -> t)) arising from a use of ‘print’
    In a stmt of an interactive GHCi command: print it
