Stopped at break012.hs:(1,1)-(5,18)
_result :: (r, a1 -> a1, (), a -> a -> a) = _
Stopped at break012.hs:5:10-18
_result :: (r, a1 -> a1, (), a -> a -> a) = _
a :: r = _
b :: _a -> _a = _
c :: () = _
d :: a -> a -> a = _
a :: r
b :: _a -> _a
c :: ()
d :: a -> a -> a
a = (_t1::r)
b = (_t2::_a -> _a)
c = (_t3::())
d = (_t4::a -> a -> a)
