
Trac10045.hs:6:17: error:
    Found type wildcard ‘_’ standing for ‘t -> t1 -> t2’
    Where: ‘t’ is a rigid type variable bound by
               the inferred type of copy :: Num t1 => t -> t1 -> t2
               at Trac10045.hs:7:9
           ‘t1’ is a rigid type variable bound by
                the inferred type of copy :: Num t1 => t -> t1 -> t2
                at Trac10045.hs:7:9
           ‘t2’ is a rigid type variable bound by
                the inferred type of copy :: Num t1 => t -> t1 -> t2
                at Trac10045.hs:7:9
    To use the inferred type, enable PartialTypeSignatures
    Relevant bindings include
      ws1 :: () (bound at Trac10045.hs:5:11)
      foo :: Meta -> r (bound at Trac10045.hs:5:1)
    In the type signature for:
      copy :: _
    In the expression:
      let
        copy :: _
        copy w from = copy w 1
      in copy ws1 1
    In an equation for ‘foo’:
        foo (Meta ws1)
          = let
              copy :: _
              copy w from = copy w 1
            in copy ws1 1

Trac10045.hs:7:9: error:
    No instance for (Num t1)
    When checking that ‘copy’ has the inferred type
      copy :: forall t t1 t2. t -> t1 -> t2
    Probable cause: the inferred type is ambiguous
    In the expression:
      let
        copy :: _
        copy w from = copy w 1
      in copy ws1 1
    In an equation for ‘foo’:
        foo (Meta ws1)
          = let
              copy :: _
              copy w from = copy w 1
            in copy ws1 1
