
WildcardInTypeSynonymRHS.hs:4:18: error:
    Unexpected wild card: ‘_’
    In the first argument of ‘Maybe’, namely ‘_’
    In the type ‘Maybe _’
    In the type declaration for ‘Foo’
