
BadTelescope3.hs:1:1: error:
    These kind and type variables: a k (b :: k)
    are out of dependency order. Perhaps try this ordering:
      k (a :: k) (b :: k)
    In the type declaration for ‘S’
