
mc13.hs:12:37: error: Variable not in scope: f :: [a] -> m0 a
