nub :: Eq a0 => [a0] -> [a0]
"tan"
nub :: Eq a0 => [a0] -> [a0]
"tan"
nub :: Eq a0 => [a0] -> [a0]
A                ( A.hs, interpreted )
nub :: Eq a0 => [a0] -> [a0]
"tan"
