
tc141.hs:11:12:
    You cannot bind scoped type variable ‘a’
      in a pattern binding signature
    In the pattern: p :: a
    In the pattern: (p :: a, q :: a)
    In a pattern binding: (p :: a, q :: a) = x

tc141.hs:13:13:
    You cannot bind scoped type variable ‘a’
      in a pattern binding signature
    In the pattern: y :: a
    In a pattern binding: y :: a = a
    In the expression:
      let y :: a = a in
      let
        v :: a
        v = b
      in v

tc141.hs:15:18:
    Couldn't match expected type ‘a1’ with actual type ‘r1’
      because type variable ‘a1’ would escape its scope
    This (rigid, skolem) type variable is bound by
      the type signature for v :: a1
      at tc141.hs:14:19
    Relevant bindings include
      v :: a1 (bound at tc141.hs:15:14)
      b :: r1 (bound at tc141.hs:13:5)
      g :: r -> r1 -> a (bound at tc141.hs:13:1)
    In the expression: b
    In an equation for ‘v’: v = b
