
==================== Strictness signatures ====================
StrAnalExample.$trModule:
StrAnalExample.foo: <S,1*U>



==================== Cpr signatures ====================
StrAnalExample.$trModule: #c1(#c1(#), #c1(#))
StrAnalExample.foo: #



==================== Strictness signatures ====================
StrAnalExample.$trModule:
StrAnalExample.foo: <S,1*U>


