
==================== Strictness signatures ====================
T17932.$tc'Options:
T17932.$tc'X:
T17932.$tcOptions:
T17932.$tcX:
T17932.$trModule:
T17932.flags: <S(SS),1*U(1*U,1*U)>



==================== Cpr signatures ====================
T17932.$tc'Options: #c1(#, #, #c1(#c1(#), #c1(#)), #c1(#), #,
                        #c4(#c1(#c1(#, #, #c1(#c1(#), #c1(#)), #c1(#), #, #c5(*)), *),
                            #c4(#c1(#c1(#, #, #c1(#c1(#), #c1(#)), #c1(#), #,
                                        #c4(#c5(*), #c5(*))),
                                    #c2(#c1(#c1(#, #, #c1(#c1(#), #c1(#)), #c1(#), #, #c5(*)), *),
                                        *)),
                                #c1(#c1(#, #, #c1(#c1(#), #c1(#)), #c1(#), #, #c5(*)), *))))
T17932.$tc'X: #c1(#, #, #c1(#c1(#), #c1(#)), #c1(#), #,
                  #c4(#c1(#c1(#, #, #c1(#c1(#), #c1(#)), #c1(#), #,
                              #c4(#c5(*), #c5(*))),
                          #c2(#c1(#c1(#, #, #c1(#c1(#), #c1(#)), #c1(#), #, #c5(*)), *), *)),
                      #c4(#c1(#c1(#, #, #c1(#c1(#), #c1(#)), #c1(#), #, #c5(*)), *),
                          #c4(#c1(#c1(#, #, #c1(#c1(#), #c1(#)), #c1(#), #, #c5(*)), *),
                              #c4(#c1(#c1(#, #, #c1(#c1(#), #c1(#)), #c1(#), #, #c5(*)), *),
                                  #c4(#c1(#c1(#, #, #c1(#c1(#), #c1(#)), #c1(#), #, #c5(*)), *),
                                      #c1(#c1(#, #, #c1(#c1(#), #c1(#)), #c1(#), #, #c5(*)),
                                          *)))))))
T17932.$tcOptions: #c1(#, #, #c1(#c1(#), #c1(#)), #c1(#), #,
                       #c5(*))
T17932.$tcX: #c1(#, #, #c1(#c1(#), #c1(#)), #c1(#), #, #c5(*))
T17932.$trModule: #c1(#c1(#), #c1(#))
T17932.flags: *



==================== Strictness signatures ====================
T17932.$tc'Options:
T17932.$tc'X:
T17932.$tcOptions:
T17932.$tcX:
T17932.$trModule:
T17932.flags: <S(SS),1*U(1*U,1*U)>


