
==================== Strictness signatures ====================
Foo.$trModule:
Foo.f: <S(S),1*U(1*U)><S,1*U(U)><S,1*U(U)>
Foo.g: <S(SS),1*U(1*U(U),1*U(U))>



==================== Cpr signatures ====================
Foo.$trModule: #c1(#c1(#), #c1(#))
Foo.f: #c1(#)
Foo.g: #c1(#)



==================== Strictness signatures ====================
Foo.$trModule:
Foo.f: <S(S),1*U(1*U)><S,1*U(U)><S,1*U(U)>
Foo.g: <S(SS),1*U(1*U(U),1*U(U))>


