
annfail08.hs:9:1:
    No instance for (Data.Data.Data (_a -> _a))
      (maybe you haven't applied enough arguments to a function?)
      arising from an annotation
    In the annotation: {-# ANN f (id + 1) #-}

annfail08.hs:9:15:
    No instance for (Num (_a -> _a))
      (maybe you haven't applied enough arguments to a function?)
      arising from a use of ‘+’
    In the annotation: {-# ANN f (id + 1) #-}
