
annfail07.hs:9:17:
    Couldn't match expected type ‘[_t]’ with actual type ‘Bool’
    In the first argument of ‘head’, namely ‘True’
    In the annotation: {-# ANN f (head True) #-}
